Data size: 16384, time for my_Bcast: 0.000856
Data size: 4096, time for my_Bcast: 0.000289
Data size: 1024, time for my_Bcast: 0.000856
Data size: 16384, time for MPI_Bcast: 0.000482
Data size: 4096, time for MPI_Bcast: 0.000245
Data size: 1024, time for MPI_Bcast: 0.000206
